23:57:28 **** Incremental Build of configuration Debug for project Blinky_fixed ****
make -j24 all 
arm-none-eabi-gcc "../Core/Src/main.c" -mcpu=cortex-m4 -std=gnu11 -g3 -DDEBUG -DUSE_HAL_DRIVER -DSTM32F401xE -c -I../Core/Inc -I../Drivers/STM32F4xx_HAL_Driver/Inc -I../Drivers/STM32F4xx_HAL_Driver/Inc/Legacy -I../Drivers/CMSIS/Device/ST/STM32F4xx/Include -I../Drivers/CMSIS/Include -O0 -ffunction-sections -fdata-sections -Wall -fstack-usage -fcyclomatic-complexity -MMD -MP -MF"Core/Src/main.d" -MT"Core/Src/main.o" --specs=nano.specs -mfpu=fpv4-sp-d16 -mfloat-abi=hard -mthumb -o "Core/Src/main.o"
arm-none-eabi-gcc -o "Blinky_fixed.elf" @"objects.list"   -mcpu=cortex-m4 -T"C:\Users\devvr\Desktop\blinky_led\Blinky_fixed\STM32F401RETX_FLASH.ld" --specs=nosys.specs -Wl,-Map="Blinky_fixed.map" -Wl,--gc-sections -static --specs=nano.specs -mfpu=fpv4-sp-d16 -mfloat-abi=hard -mthumb -Wl,--start-group -lc -lm -Wl,--end-group
Finished building target: Blinky_fixed.elf
 
arm-none-eabi-size  Blinky_fixed.elf 
arm-none-eabi-objdump -h -S Blinky_fixed.elf  > "Blinky_fixed.list"
   text	   data	    bss	    dec	    hex	filename
   5788	     12	   1572	   7372	   1ccc	Blinky_fixed.elf
Finished building: default.size.stdout
 
Finished building: Blinky_fixed.list
 
23:57:32 **** Incremental Build of configuration Debug for project Blinky_fixed ****
make -j24 all 
arm-none-eabi-size  Blinky_fixed.elf 
   text	   data	    bss	    dec	    hex	filename
   5788	     12	   1572	   7372	   1ccc	Blinky_fixed.elf
Finished building: default.size.stdout
 
12:02:28 **** Build of configuration Debug for project myRTOS ****
make -j24 all 
arm-none-eabi-gcc -mcpu=cortex-m4 -g3 -DDEBUG -c -x assembler-with-cpp -MMD -MP -MF"Startup/startup_stm32f401retx.d" -MT"Startup/startup_stm32f401retx.o" --specs=nano.specs -mfpu=fpv4-sp-d16 -mfloat-abi=hard -mthumb -o "Startup/startup_stm32f401retx.o" "../Startup/startup_stm32f401retx.s"
arm-none-eabi-gcc "../Src/main.c" -mcpu=cortex-m4 -std=gnu11 -g3 -DDEBUG -DSTM32 -DSTM32F401RETx -DSTM32F4 -c -I../Inc -O0 -ffunction-sections -fdata-sections -Wall -fstack-usage -fcyclomatic-complexity -MMD -MP -MF"Src/main.d" -MT"Src/main.o" --specs=nano.specs -mfpu=fpv4-sp-d16 -mfloat-abi=hard -mthumb -o "Src/main.o"
arm-none-eabi-gcc "../Src/syscalls.c" -mcpu=cortex-m4 -std=gnu11 -g3 -DDEBUG -DSTM32 -DSTM32F401RETx -DSTM32F4 -c -I../Inc -O0 -ffunction-sections -fdata-sections -Wall -fstack-usage -fcyclomatic-complexity -MMD -MP -MF"Src/syscalls.d" -MT"Src/syscalls.o" --specs=nano.specs -mfpu=fpv4-sp-d16 -mfloat-abi=hard -mthumb -o "Src/syscalls.o"
arm-none-eabi-gcc "../Src/sysmem.c" -mcpu=cortex-m4 -std=gnu11 -g3 -DDEBUG -DSTM32 -DSTM32F401RETx -DSTM32F4 -c -I../Inc -O0 -ffunction-sections -fdata-sections -Wall -fstack-usage -fcyclomatic-complexity -MMD -MP -MF"Src/sysmem.d" -MT"Src/sysmem.o" --specs=nano.specs -mfpu=fpv4-sp-d16 -mfloat-abi=hard -mthumb -o "Src/sysmem.o"
../Src/main.c:22:4: warning: #warning "FPU is not initialized, but the project is compiling for an FPU. Please initialize the FPU before use." [-Wcpp]
   22 |   #warning "FPU is not initialized, but the project is compiling for an FPU. Please initialize the FPU before use."
      |    ^~~~~~~
arm-none-eabi-gcc -o "myRTOS.elf" @"objects.list"   -mcpu=cortex-m4 -T"C:\Users\devvr\STM32CubeIDE\workspace_2.0.0\myRTOS\STM32F401RETX_FLASH.ld" --specs=nosys.specs -Wl,-Map="myRTOS.map" -Wl,--gc-sections -static --specs=nano.specs -mfpu=fpv4-sp-d16 -mfloat-abi=hard -mthumb -Wl,--start-group -lc -lm -Wl,--end-group
Finished building target: myRTOS.elf
 
arm-none-eabi-size  myRTOS.elf 
arm-none-eabi-objdump -h -S myRTOS.elf  > "myRTOS.list"
   text	   data	    bss	    dec	    hex	filename
    664	      0	   1568	   2232	    8b8	myRTOS.elf
Finished building: default.size.stdout
 
Finished building: myRTOS.list
 
12:04:13 **** Incremental Build of configuration Debug for project myRTOS ****
make -j24 all 
arm-none-eabi-size  myRTOS.elf 
   text	   data	    bss	    dec	    hex	filename
    664	      0	   1568	   2232	    8b8	myRTOS.elf
Finished building: default.size.stdout
 
18:40:05 **** Incremental Build of configuration Debug for project myRTOS ****
make -j24 all 
arm-none-eabi-gcc "../Src/main.c" -mcpu=cortex-m4 -std=gnu11 -g3 -DDEBUG -DSTM32 -DSTM32F401RETx -DSTM32F4 -c -I../Inc -O0 -ffunction-sections -fdata-sections -Wall -fstack-usage -fcyclomatic-complexity -MMD -MP -MF"Src/main.d" -MT"Src/main.o" --specs=nano.specs -mfpu=fpv4-sp-d16 -mfloat-abi=hard -mthumb -o "Src/main.o"
arm-none-eabi-gcc -o "myRTOS.elf" @"objects.list"   -mcpu=cortex-m4 -T"C:\Users\devvr\STM32CubeIDE\workspace_2.0.0\myRTOS\STM32F401RETX_FLASH.ld" --specs=nosys.specs -Wl,-Map="myRTOS.map" -Wl,--gc-sections -static --specs=nano.specs -mfpu=fpv4-sp-d16 -mfloat-abi=hard -mthumb -Wl,--start-group -lc -lm -Wl,--end-group
Finished building target: myRTOS.elf
 
arm-none-eabi-size  myRTOS.elf 
arm-none-eabi-objdump -h -S myRTOS.elf  > "myRTOS.list"
   text	   data	    bss	    dec	    hex	filename
    744	      0	   1568	   2312	    908	myRTOS.elf
Finished building: default.size.stdout
 
Finished building: myRTOS.list
 
18:42:49 **** Incremental Build of configuration Debug for project myRTOS ****
make -j24 all 
arm-none-eabi-gcc "../Src/main.c" -mcpu=cortex-m4 -std=gnu11 -g3 -DDEBUG -DSTM32 -DSTM32F401RETx -DSTM32F4 -c -I../Inc -O0 -ffunction-sections -fdata-sections -Wall -fstack-usage -fcyclomatic-complexity -MMD -MP -MF"Src/main.d" -MT"Src/main.o" --specs=nano.specs -mfpu=fpv4-sp-d16 -mfloat-abi=hard -mthumb -o "Src/main.o"
arm-none-eabi-gcc -o "myRTOS.elf" @"objects.list"   -mcpu=cortex-m4 -T"C:\Users\devvr\STM32CubeIDE\workspace_2.0.0\myRTOS\STM32F401RETX_FLASH.ld" --specs=nosys.specs -Wl,-Map="myRTOS.map" -Wl,--gc-sections -static --specs=nano.specs -mfpu=fpv4-sp-d16 -mfloat-abi=hard -mthumb -Wl,--start-group -lc -lm -Wl,--end-group
Finished building target: myRTOS.elf
 
arm-none-eabi-size  myRTOS.elf 
arm-none-eabi-objdump -h -S myRTOS.elf  > "myRTOS.list"
   text	   data	    bss	    dec	    hex	filename
    748	      0	   1568	   2316	    90c	myRTOS.elf
Finished building: default.size.stdout
 
Finished building: myRTOS.list
 
19:02:29 **** Incremental Build of configuration Debug for project myRTOS ****
make -j24 all 
arm-none-eabi-gcc "../Src/main.c" -mcpu=cortex-m4 -std=gnu11 -g3 -DDEBUG -DSTM32 -DSTM32F401RETx -DSTM32F4 -c -I../Inc -O0 -ffunction-sections -fdata-sections -Wall -fstack-usage -fcyclomatic-complexity -MMD -MP -MF"Src/main.d" -MT"Src/main.o" --specs=nano.specs -mfpu=fpv4-sp-d16 -mfloat-abi=hard -mthumb -o "Src/main.o"
arm-none-eabi-gcc -o "myRTOS.elf" @"objects.list"   -mcpu=cortex-m4 -T"C:\Users\devvr\STM32CubeIDE\workspace_2.0.0\myRTOS\STM32F401RETX_FLASH.ld" --specs=nosys.specs -Wl,-Map="myRTOS.map" -Wl,--gc-sections -static --specs=nano.specs -mfpu=fpv4-sp-d16 -mfloat-abi=hard -mthumb -Wl,--start-group -lc -lm -Wl,--end-group
Finished building target: myRTOS.elf
 
arm-none-eabi-size  myRTOS.elf 
arm-none-eabi-objdump -h -S myRTOS.elf  > "myRTOS.list"
   text	   data	    bss	    dec	    hex	filename
    780	      0	   1568	   2348	    92c	myRTOS.elf
Finished building: default.size.stdout
 
Finished building: myRTOS.list
 
19:19:53 **** Incremental Build of configuration Debug for project myRTOS ****
make -j24 all 
arm-none-eabi-gcc "../Src/main.c" -mcpu=cortex-m4 -std=gnu11 -g3 -DDEBUG -DSTM32 -DSTM32F401RETx -DSTM32F4 -c -I../Inc -O0 -ffunction-sections -fdata-sections -Wall -fstack-usage -fcyclomatic-complexity -MMD -MP -MF"Src/main.d" -MT"Src/main.o" --specs=nano.specs -mfpu=fpv4-sp-d16 -mfloat-abi=hard -mthumb -o "Src/main.o"
In file included from ../Src/main.c:24:
../Inc/stm32f401xe.h:139:10: fatal error: core_cm4.h: No such file or directory
  139 | #include "core_cm4.h"             /* Cortex-M4 processor and core peripherals */
      |          ^~~~~~~~~~~~
compilation terminated.
make: *** [Src/subdir.mk:25: Src/main.o] Error 1
"make -j24 all" terminated with exit code 2. Build might be incomplete.
19:29:59 **** Incremental Build of configuration Debug for project myRTOS ****
make -j24 all 
arm-none-eabi-gcc "../Src/main.c" -mcpu=cortex-m4 -std=gnu11 -g3 -DDEBUG -DSTM32 -DSTM32F401RETx -DSTM32F4 -c -I../Inc -O0 -ffunction-sections -fdata-sections -Wall -fstack-usage -fcyclomatic-complexity -MMD -MP -MF"Src/main.d" -MT"Src/main.o" --specs=nano.specs -mfpu=fpv4-sp-d16 -mfloat-abi=hard -mthumb -o "Src/main.o"
In file included from ../Src/main.c:24:
../Inc/stm32f401xe.h:140:10: fatal error: system_stm32f4xx.h: No such file or directory
  140 | #include "system_stm32f4xx.h"
      |          ^~~~~~~~~~~~~~~~~~~~
compilation terminated.
make: *** [Src/subdir.mk:25: Src/main.o] Error 1
"make -j24 all" terminated with exit code 2. Build might be incomplete.
19:32:50 **** Incremental Build of configuration Debug for project myRTOS ****
make -j24 all 
arm-none-eabi-gcc "../Src/main.c" -mcpu=cortex-m4 -std=gnu11 -g3 -DDEBUG -DSTM32 -DSTM32F401RETx -DSTM32F4 -c -I../Inc -O0 -ffunction-sections -fdata-sections -Wall -fstack-usage -fcyclomatic-complexity -MMD -MP -MF"Src/main.d" -MT"Src/main.o" --specs=nano.specs -mfpu=fpv4-sp-d16 -mfloat-abi=hard -mthumb -o "Src/main.o"
../Src/main.c: In function 'main':
../Src/main.c:44:17: error: invalid type argument of unary '*' (have 'uint32_t' {aka 'long unsigned int'})
   44 |                 *(GPIOA->ODR ^= (1<<5));
      |                 ^~~~~~~~~~~~~~~~~~~~~~~
../Src/main.c:47:25: error: invalid type argument of unary '*' (have 'uint32_t' {aka 'long unsigned int'})
   47 |                         *(GPIOA->ODR &= ~(1<<5));
      |                         ^~~~~~~~~~~~~~~~~~~~~~~~
make: *** [Src/subdir.mk:25: Src/main.o] Error 1
"make -j24 all" terminated with exit code 2. Build might be incomplete.
19:34:33 **** Incremental Build of configuration Debug for project myRTOS ****
make -j24 all 
arm-none-eabi-gcc "../Src/main.c" -mcpu=cortex-m4 -std=gnu11 -g3 -DDEBUG -DSTM32 -DSTM32F401RETx -DSTM32F4 -c -I../Inc -O0 -ffunction-sections -fdata-sections -Wall -fstack-usage -fcyclomatic-complexity -MMD -MP -MF"Src/main.d" -MT"Src/main.o" --specs=nano.specs -mfpu=fpv4-sp-d16 -mfloat-abi=hard -mthumb -o "Src/main.o"
arm-none-eabi-gcc -o "myRTOS.elf" @"objects.list"   -mcpu=cortex-m4 -T"C:\Users\devvr\STM32CubeIDE\workspace_2.0.0\myRTOS\STM32F401RETX_FLASH.ld" --specs=nosys.specs -Wl,-Map="myRTOS.map" -Wl,--gc-sections -static --specs=nano.specs -mfpu=fpv4-sp-d16 -mfloat-abi=hard -mthumb -Wl,--start-group -lc -lm -Wl,--end-group
Finished building target: myRTOS.elf
 
arm-none-eabi-size  myRTOS.elf 
arm-none-eabi-objdump -h -S myRTOS.elf  > "myRTOS.list"
   text	   data	    bss	    dec	    hex	filename
    772	      0	   1568	   2340	    924	myRTOS.elf
Finished building: default.size.stdout
 
Finished building: myRTOS.list
 
19:36:12 **** Incremental Build of configuration Debug for project myRTOS ****
make -j24 all 
arm-none-eabi-gcc "../Src/main.c" -mcpu=cortex-m4 -std=gnu11 -g3 -DDEBUG -DSTM32 -DSTM32F401RETx -DSTM32F4 -c -I../Inc -O0 -ffunction-sections -fdata-sections -Wall -fstack-usage -fcyclomatic-complexity -MMD -MP -MF"Src/main.d" -MT"Src/main.o" --specs=nano.specs -mfpu=fpv4-sp-d16 -mfloat-abi=hard -mthumb -o "Src/main.o"
arm-none-eabi-gcc -o "myRTOS.elf" @"objects.list"   -mcpu=cortex-m4 -T"C:\Users\devvr\STM32CubeIDE\workspace_2.0.0\myRTOS\STM32F401RETX_FLASH.ld" --specs=nosys.specs -Wl,-Map="myRTOS.map" -Wl,--gc-sections -static --specs=nano.specs -mfpu=fpv4-sp-d16 -mfloat-abi=hard -mthumb -Wl,--start-group -lc -lm -Wl,--end-group
Finished building target: myRTOS.elf
 
arm-none-eabi-size  myRTOS.elf 
arm-none-eabi-objdump -h -S myRTOS.elf  > "myRTOS.list"
   text	   data	    bss	    dec	    hex	filename
    772	      0	   1568	   2340	    924	myRTOS.elf
Finished building: default.size.stdout
 
Finished building: myRTOS.list
 
20:49:31 **** Incremental Build of configuration Debug for project myRTOS ****
make -j24 all 
arm-none-eabi-gcc "../Src/main.c" -mcpu=cortex-m4 -std=gnu11 -g3 -DDEBUG -DSTM32 -DSTM32F401RETx -DSTM32F4 -c -I../Inc -O0 -ffunction-sections -fdata-sections -Wall -fstack-usage -fcyclomatic-complexity -MMD -MP -MF"Src/main.d" -MT"Src/main.o" --specs=nano.specs -mfpu=fpv4-sp-d16 -mfloat-abi=hard -mthumb -o "Src/main.o"
arm-none-eabi-gcc -o "myRTOS.elf" @"objects.list"   -mcpu=cortex-m4 -T"C:\Users\devvr\STM32CubeIDE\workspace_2.0.0\myRTOS\STM32F401RETX_FLASH.ld" --specs=nosys.specs -Wl,-Map="myRTOS.map" -Wl,--gc-sections -static --specs=nano.specs -mfpu=fpv4-sp-d16 -mfloat-abi=hard -mthumb -Wl,--start-group -lc -lm -Wl,--end-group
Finished building target: myRTOS.elf
 
arm-none-eabi-size  myRTOS.elf 
arm-none-eabi-objdump -h -S myRTOS.elf  > "myRTOS.list"
   text	   data	    bss	    dec	    hex	filename
    832	      0	   1568	   2400	    960	myRTOS.elf
Finished building: default.size.stdout
 
Finished building: myRTOS.list
 
20:50:20 **** Incremental Build of configuration Debug for project myRTOS ****
make -j24 all 
arm-none-eabi-gcc "../Src/main.c" -mcpu=cortex-m4 -std=gnu11 -g3 -DDEBUG -DSTM32 -DSTM32F401RETx -DSTM32F4 -c -I../Inc -O0 -ffunction-sections -fdata-sections -Wall -fstack-usage -fcyclomatic-complexity -MMD -MP -MF"Src/main.d" -MT"Src/main.o" --specs=nano.specs -mfpu=fpv4-sp-d16 -mfloat-abi=hard -mthumb -o "Src/main.o"
arm-none-eabi-gcc -o "myRTOS.elf" @"objects.list"   -mcpu=cortex-m4 -T"C:\Users\devvr\STM32CubeIDE\workspace_2.0.0\myRTOS\STM32F401RETX_FLASH.ld" --specs=nosys.specs -Wl,-Map="myRTOS.map" -Wl,--gc-sections -static --specs=nano.specs -mfpu=fpv4-sp-d16 -mfloat-abi=hard -mthumb -Wl,--start-group -lc -lm -Wl,--end-group
Finished building target: myRTOS.elf
 
arm-none-eabi-size  myRTOS.elf 
arm-none-eabi-objdump -h -S myRTOS.elf  > "myRTOS.list"
   text	   data	    bss	    dec	    hex	filename
    852	      0	   1568	   2420	    974	myRTOS.elf
Finished building: default.size.stdout
 
Finished building: myRTOS.list
 
20:52:34 **** Incremental Build of configuration Debug for project myRTOS ****
make -j24 all 
arm-none-eabi-gcc "../Src/main.c" -mcpu=cortex-m4 -std=gnu11 -g3 -DDEBUG -DSTM32 -DSTM32F401RETx -DSTM32F4 -c -I../Inc -O0 -ffunction-sections -fdata-sections -Wall -fstack-usage -fcyclomatic-complexity -MMD -MP -MF"Src/main.d" -MT"Src/main.o" --specs=nano.specs -mfpu=fpv4-sp-d16 -mfloat-abi=hard -mthumb -o "Src/main.o"
arm-none-eabi-gcc -o "myRTOS.elf" @"objects.list"   -mcpu=cortex-m4 -T"C:\Users\devvr\STM32CubeIDE\workspace_2.0.0\myRTOS\STM32F401RETX_FLASH.ld" --specs=nosys.specs -Wl,-Map="myRTOS.map" -Wl,--gc-sections -static --specs=nano.specs -mfpu=fpv4-sp-d16 -mfloat-abi=hard -mthumb -Wl,--start-group -lc -lm -Wl,--end-group
Finished building target: myRTOS.elf
 
arm-none-eabi-size  myRTOS.elf 
arm-none-eabi-objdump -h -S myRTOS.elf  > "myRTOS.list"
   text	   data	    bss	    dec	    hex	filename
    904	      0	   1568	   2472	    9a8	myRTOS.elf
Finished building: default.size.stdout
 
Finished building: myRTOS.list
 
