20:52:34 **** Incremental Build of configuration Debug for project myRTOS ****
make -j24 all 
arm-none-eabi-gcc "../Src/main.c" -mcpu=cortex-m4 -std=gnu11 -g3 -DDEBUG -DSTM32 -DSTM32F401RETx -DSTM32F4 -c -I../Inc -O0 -ffunction-sections -fdata-sections -Wall -fstack-usage -fcyclomatic-complexity -MMD -MP -MF"Src/main.d" -MT"Src/main.o" --specs=nano.specs -mfpu=fpv4-sp-d16 -mfloat-abi=hard -mthumb -o "Src/main.o"
arm-none-eabi-gcc -o "myRTOS.elf" @"objects.list"   -mcpu=cortex-m4 -T"C:\Users\devvr\STM32CubeIDE\workspace_2.0.0\myRTOS\STM32F401RETX_FLASH.ld" --specs=nosys.specs -Wl,-Map="myRTOS.map" -Wl,--gc-sections -static --specs=nano.specs -mfpu=fpv4-sp-d16 -mfloat-abi=hard -mthumb -Wl,--start-group -lc -lm -Wl,--end-group
Finished building target: myRTOS.elf
 
arm-none-eabi-size  myRTOS.elf 
arm-none-eabi-objdump -h -S myRTOS.elf  > "myRTOS.list"
   text	   data	    bss	    dec	    hex	filename
    904	      0	   1568	   2472	    9a8	myRTOS.elf
Finished building: default.size.stdout
 
Finished building: myRTOS.list
 

20:52:35 Build Finished. 0 errors, 0 warnings. (took 799ms)

